 Container edk-customer-r1-enterprise-verifier-1 Stopping 
 Container edk-customer-r1-admin-console-1 Stopping 
 Container edk-customer-r1-traefik-1 Stopping 
 Container edk-customer-r1-admin-console-tenant-1 Stopping 
 Container edk-customer-r1-enterprise-issuer-1 Stopping 
 Container edk-customer-r1-admin-console-1 Stopped 
 Container edk-customer-r1-admin-console-1 Removing 
 Container edk-customer-r1-admin-console-1 Removed 
 Container edk-customer-r1-admin-console-tenant-1 Stopped 
 Container edk-customer-r1-admin-console-tenant-1 Removing 
 Container edk-customer-r1-admin-console-tenant-1 Removed 
 Container edk-customer-r1-enterprise-blob-1 Stopping 
 Container edk-customer-r1-traefik-1 Stopped 
 Container edk-customer-r1-traefik-1 Removing 
 Container edk-customer-r1-traefik-1 Removed 
 Container edk-customer-r1-enterprise-verifier-1 Stopped 
 Container edk-customer-r1-enterprise-verifier-1 Removing 
 Container edk-customer-r1-enterprise-verifier-1 Removed 
 Container edk-customer-r1-enterprise-did-1 Stopping 
 Container edk-customer-r1-enterprise-issuer-1 Stopped 
 Container edk-customer-r1-enterprise-issuer-1 Removing 
 Container edk-customer-r1-enterprise-issuer-1 Removed 
 Container edk-customer-r1-enterprise-blob-1 Stopped 
 Container edk-customer-r1-enterprise-blob-1 Removing 
 Container edk-customer-r1-enterprise-blob-1 Removed 
 Container edk-customer-r1-enterprise-did-1 Stopped 
 Container edk-customer-r1-enterprise-did-1 Removing 
 Container edk-customer-r1-enterprise-did-1 Removed 
 Container edk-customer-r1-enterprise-tenant-kms-1 Stopping 
 Container edk-customer-r1-enterprise-tenant-kms-1 Stopped 
 Container edk-customer-r1-enterprise-tenant-kms-1 Removing 
 Container edk-customer-r1-enterprise-tenant-kms-1 Removed 
 Container edk-customer-r1-enterprise-tenant-as-1 Stopping 
 Container edk-customer-r1-enterprise-tenant-as-1 Stopped 
 Container edk-customer-r1-enterprise-tenant-as-1 Removing 
 Container edk-customer-r1-enterprise-tenant-as-1 Removed 
 Container edk-customer-r1-enterprise-platform-1 Stopping 
 Container edk-customer-r1-enterprise-platform-1 Stopped 
 Container edk-customer-r1-enterprise-platform-1 Removing 
 Container edk-customer-r1-enterprise-platform-1 Removed 
 Container edk-customer-r1-platform-postgres-1 Stopping 
 Container edk-customer-r1-otel-collector-1 Stopping 
 Container edk-customer-r1-tenant-postgres-1 Stopping 
 Container edk-customer-r1-otel-collector-1 Stopped 
 Container edk-customer-r1-otel-collector-1 Removing 
 Container edk-customer-r1-otel-collector-1 Removed 
 Container edk-customer-r1-jaeger-1 Stopping 
 Container edk-customer-r1-jaeger-1 Stopped 
 Container edk-customer-r1-jaeger-1 Removing 
 Container edk-customer-r1-jaeger-1 Removed 
 Container edk-customer-r1-platform-postgres-1 Stopped 
 Container edk-customer-r1-platform-postgres-1 Removing 
 Container edk-customer-r1-platform-postgres-1 Removed 
 Container edk-customer-r1-tenant-postgres-1 Stopped 
 Container edk-customer-r1-tenant-postgres-1 Removing 
 Container edk-customer-r1-tenant-postgres-1 Removed 
 Network edk-customer-r1_appnet Removing 
 Network edk-customer-r1_platform-db-net Removing 
 Network edk-customer-r1_tenant-db-net Removing 
 Network edk-customer-r1_tenant-db-net Removed 
 Network edk-customer-r1_platform-db-net Removed 
 Network edk-customer-r1_appnet Removed 
