 Container edk-customer-r1-final-traefik-1 Stopping 
 Container edk-customer-r1-final-admin-console-tenant-1 Stopping 
 Container edk-customer-r1-final-enterprise-verifier-1 Stopping 
 Container edk-customer-r1-final-enterprise-issuer-1 Stopping 
 Container edk-customer-r1-final-admin-console-1 Stopping 
 Container edk-customer-r1-final-admin-console-1 Stopped 
 Container edk-customer-r1-final-admin-console-1 Removing 
 Container edk-customer-r1-final-admin-console-1 Removed 
 Container edk-customer-r1-final-admin-console-tenant-1 Stopped 
 Container edk-customer-r1-final-admin-console-tenant-1 Removing 
 Container edk-customer-r1-final-admin-console-tenant-1 Removed 
 Container edk-customer-r1-final-enterprise-blob-1 Stopping 
 Container edk-customer-r1-final-traefik-1 Stopped 
 Container edk-customer-r1-final-traefik-1 Removing 
 Container edk-customer-r1-final-traefik-1 Removed 
 Container edk-customer-r1-final-enterprise-verifier-1 Stopped 
 Container edk-customer-r1-final-enterprise-verifier-1 Removing 
 Container edk-customer-r1-final-enterprise-verifier-1 Removed 
 Container edk-customer-r1-final-enterprise-did-1 Stopping 
 Container edk-customer-r1-final-enterprise-issuer-1 Stopped 
 Container edk-customer-r1-final-enterprise-issuer-1 Removing 
 Container edk-customer-r1-final-enterprise-issuer-1 Removed 
 Container edk-customer-r1-final-enterprise-blob-1 Stopped 
 Container edk-customer-r1-final-enterprise-blob-1 Removing 
 Container edk-customer-r1-final-enterprise-blob-1 Removed 
 Container edk-customer-r1-final-enterprise-did-1 Stopped 
 Container edk-customer-r1-final-enterprise-did-1 Removing 
 Container edk-customer-r1-final-enterprise-did-1 Removed 
 Container edk-customer-r1-final-enterprise-tenant-kms-1 Stopping 
 Container edk-customer-r1-final-enterprise-tenant-kms-1 Stopped 
 Container edk-customer-r1-final-enterprise-tenant-kms-1 Removing 
 Container edk-customer-r1-final-enterprise-tenant-kms-1 Removed 
 Container edk-customer-r1-final-enterprise-tenant-as-1 Stopping 
 Container edk-customer-r1-final-enterprise-tenant-as-1 Stopped 
 Container edk-customer-r1-final-enterprise-tenant-as-1 Removing 
 Container edk-customer-r1-final-enterprise-tenant-as-1 Removed 
 Container edk-customer-r1-final-enterprise-platform-1 Stopping 
 Container edk-customer-r1-final-enterprise-platform-1 Stopped 
 Container edk-customer-r1-final-enterprise-platform-1 Removing 
 Container edk-customer-r1-final-enterprise-platform-1 Removed 
 Container edk-customer-r1-final-platform-postgres-1 Stopping 
 Container edk-customer-r1-final-otel-collector-1 Stopping 
 Container edk-customer-r1-final-tenant-postgres-1 Stopping 
 Container edk-customer-r1-final-otel-collector-1 Stopped 
 Container edk-customer-r1-final-otel-collector-1 Removing 
 Container edk-customer-r1-final-otel-collector-1 Removed 
 Container edk-customer-r1-final-jaeger-1 Stopping 
 Container edk-customer-r1-final-jaeger-1 Stopped 
 Container edk-customer-r1-final-jaeger-1 Removing 
 Container edk-customer-r1-final-jaeger-1 Removed 
 Container edk-customer-r1-final-platform-postgres-1 Stopped 
 Container edk-customer-r1-final-platform-postgres-1 Removing 
 Container edk-customer-r1-final-platform-postgres-1 Removed 
 Container edk-customer-r1-final-tenant-postgres-1 Stopped 
 Container edk-customer-r1-final-tenant-postgres-1 Removing 
 Container edk-customer-r1-final-tenant-postgres-1 Removed 
 Network edk-customer-r1-final_appnet Removing 
 Network edk-customer-r1-final_platform-db-net Removing 
 Network edk-customer-r1-final_tenant-db-net Removing 
 Network edk-customer-r1-final_platform-db-net Removed 
 Network edk-customer-r1-final_appnet Removed 
 Network edk-customer-r1-final_tenant-db-net Removed 
