 Volume edk-customer-r1-license_tenant-kms-keystore Creating 
 Volume edk-customer-r1-license_tenant-kms-keystore Creating 
 Volume edk-customer-r1-license_platform-postgres-data Creating 
 Network edk-customer-r1-license_tenant-db-net Creating 
 Volume edk-customer-r1-license_platform-postgres-data Creating 
 Network edk-customer-r1-license_appnet Creating 
 Network edk-customer-r1-license_tenant-db-net Creating 
 Volume edk-customer-r1-license_blob-store-data Creating 
 Volume edk-customer-r1-license_blob-store-data Creating 
 Volume edk-customer-r1-license_platform-keystore Creating 
 Volume edk-customer-r1-license_platform-keystore Creating 
 Volume edk-customer-r1-license_tenant-postgres-data Creating 
 Network edk-customer-r1-license_appnet Creating 
 Network edk-customer-r1-license_platform-db-net Creating 
 Network edk-customer-r1-license_platform-db-net Creating 
 Volume edk-customer-r1-license_tenant-postgres-data Creating 
 Volume edk-customer-r1-license_platform-postgres-data Created 
 Volume edk-customer-r1-license_platform-postgres-data Created 
 Volume edk-customer-r1-license_tenant-kms-keystore Created 
 Volume edk-customer-r1-license_tenant-kms-keystore Created 
 Volume edk-customer-r1-license_platform-keystore Created 
 Volume edk-customer-r1-license_platform-keystore Created 
 Volume edk-customer-r1-license_blob-store-data Created 
 Volume edk-customer-r1-license_blob-store-data Created 
 Volume edk-customer-r1-license_tenant-postgres-data Created 
 Volume edk-customer-r1-license_tenant-postgres-data Created 
 Network edk-customer-r1-license_platform-db-net Created 
 Network edk-customer-r1-license_platform-db-net Created 
 Container edk-customer-r1-license-platform-postgres-1 Creating 
 Network edk-customer-r1-license_tenant-db-net Created 
 Network edk-customer-r1-license_tenant-db-net Created 
 Container edk-customer-r1-license-tenant-postgres-1 Creating 
 Network edk-customer-r1-license_appnet Created 
 Network edk-customer-r1-license_appnet Created 
 Container edk-customer-r1-license-jaeger-1 Creating 
 Container edk-customer-r1-license-platform-postgres-1 Created 
 Container edk-customer-r1-license-tenant-postgres-1 Created 
 Container edk-customer-r1-license-jaeger-1 Created 
 Container edk-customer-r1-license-otel-collector-1 Creating 
 Container edk-customer-r1-license-otel-collector-1 Created 
 Container edk-customer-r1-license-enterprise-platform-1 Creating 
 Container edk-customer-r1-license-enterprise-platform-1 Created 
 Container edk-customer-r1-license-traefik-1 Creating 
 Container edk-customer-r1-license-enterprise-tenant-as-1 Creating 
 Container edk-customer-r1-license-enterprise-tenant-as-1 Created 
 Container edk-customer-r1-license-enterprise-tenant-kms-1 Creating 
 Container edk-customer-r1-license-enterprise-blob-1 Creating 
 Container edk-customer-r1-license-traefik-1 Created 
 Container edk-customer-r1-license-enterprise-tenant-kms-1 Created 
 Container edk-customer-r1-license-enterprise-did-1 Creating 
 Container edk-customer-r1-license-enterprise-issuer-1 Creating 
 Container edk-customer-r1-license-enterprise-blob-1 Created 
 Container edk-customer-r1-license-admin-console-1 Creating 
 Container edk-customer-r1-license-admin-console-tenant-1 Creating 
 Container edk-customer-r1-license-enterprise-issuer-1 Created 
 Container edk-customer-r1-license-admin-console-1 Created 
 Container edk-customer-r1-license-admin-console-tenant-1 Created 
 Container edk-customer-r1-license-enterprise-did-1 Created 
 Container edk-customer-r1-license-enterprise-verifier-1 Creating 
 Container edk-customer-r1-license-enterprise-verifier-1 Created 
 Container edk-customer-r1-license-jaeger-1 Starting 
 Container edk-customer-r1-license-platform-postgres-1 Starting 
 Container edk-customer-r1-license-tenant-postgres-1 Starting 
 Container edk-customer-r1-license-jaeger-1 Started 
 Container edk-customer-r1-license-otel-collector-1 Starting 
 Container edk-customer-r1-license-platform-postgres-1 Started 
 Container edk-customer-r1-license-tenant-postgres-1 Started 
 Container edk-customer-r1-license-otel-collector-1 Started 
 Container edk-customer-r1-license-tenant-postgres-1 Waiting 
 Container edk-customer-r1-license-platform-postgres-1 Waiting 
 Container edk-customer-r1-license-tenant-postgres-1 Healthy 
 Container edk-customer-r1-license-platform-postgres-1 Healthy 
 Container edk-customer-r1-license-enterprise-platform-1 Starting 
 Container edk-customer-r1-license-enterprise-platform-1 Started 
 Container edk-customer-r1-license-tenant-postgres-1 Waiting 
 Container edk-customer-r1-license-enterprise-platform-1 Waiting 
 Container edk-customer-r1-license-enterprise-platform-1 Waiting 
 Container edk-customer-r1-license-tenant-postgres-1 Healthy 
 Container edk-customer-r1-license-enterprise-platform-1 Healthy 
 Container edk-customer-r1-license-enterprise-platform-1 Healthy 
 Container edk-customer-r1-license-enterprise-tenant-as-1 Starting 
 Container edk-customer-r1-license-traefik-1 Starting 
 Container edk-customer-r1-license-enterprise-tenant-as-1 Started 
 Container edk-customer-r1-license-tenant-postgres-1 Waiting 
 Container edk-customer-r1-license-enterprise-platform-1 Waiting 
 Container edk-customer-r1-license-enterprise-tenant-as-1 Waiting 
 Container edk-customer-r1-license-enterprise-platform-1 Waiting 
 Container edk-customer-r1-license-enterprise-tenant-as-1 Waiting 
 Container edk-customer-r1-license-tenant-postgres-1 Waiting 
 Container edk-customer-r1-license-traefik-1 Started 
 Container edk-customer-r1-license-tenant-postgres-1 Healthy 
 Container edk-customer-r1-license-enterprise-platform-1 Healthy 
 Container edk-customer-r1-license-tenant-postgres-1 Healthy 
 Container edk-customer-r1-license-enterprise-platform-1 Healthy 
 Container edk-customer-r1-license-enterprise-tenant-as-1 Healthy 
 Container edk-customer-r1-license-enterprise-tenant-as-1 Healthy 
 Container edk-customer-r1-license-enterprise-tenant-kms-1 Starting 
 Container edk-customer-r1-license-enterprise-blob-1 Starting 
 Container edk-customer-r1-license-enterprise-tenant-kms-1 Started 
 Container edk-customer-r1-license-tenant-postgres-1 Waiting 
 Container edk-customer-r1-license-enterprise-tenant-kms-1 Waiting 
 Container edk-customer-r1-license-enterprise-platform-1 Waiting 
 Container edk-customer-r1-license-tenant-postgres-1 Waiting 
 Container edk-customer-r1-license-enterprise-tenant-kms-1 Waiting 
 Container edk-customer-r1-license-enterprise-platform-1 Waiting 
 Container edk-customer-r1-license-enterprise-tenant-as-1 Waiting 
 Container edk-customer-r1-license-enterprise-blob-1 Started 
 Container edk-customer-r1-license-enterprise-blob-1 Waiting 
 Container edk-customer-r1-license-enterprise-platform-1 Waiting 
 Container edk-customer-r1-license-enterprise-blob-1 Waiting 
 Container edk-customer-r1-license-enterprise-platform-1 Waiting 
 Container edk-customer-r1-license-enterprise-tenant-as-1 Waiting 
 Container edk-customer-r1-license-tenant-postgres-1 Healthy 
 Container edk-customer-r1-license-enterprise-tenant-as-1 Healthy 
 Container edk-customer-r1-license-tenant-postgres-1 Healthy 
 Container edk-customer-r1-license-enterprise-platform-1 Healthy 
 Container edk-customer-r1-license-enterprise-platform-1 Healthy 
 Container edk-customer-r1-license-enterprise-tenant-as-1 Healthy 
 Container edk-customer-r1-license-enterprise-platform-1 Healthy 
 Container edk-customer-r1-license-enterprise-platform-1 Healthy 
 Container edk-customer-r1-license-enterprise-tenant-kms-1 Healthy 
 Container edk-customer-r1-license-enterprise-did-1 Starting 
 Container edk-customer-r1-license-enterprise-tenant-kms-1 Healthy 
 Container edk-customer-r1-license-enterprise-issuer-1 Starting 
 Container edk-customer-r1-license-enterprise-blob-1 Healthy 
 Container edk-customer-r1-license-enterprise-blob-1 Healthy 
 Container edk-customer-r1-license-admin-console-tenant-1 Starting 
 Container edk-customer-r1-license-admin-console-1 Starting 
 Container edk-customer-r1-license-enterprise-did-1 Started 
 Container edk-customer-r1-license-tenant-postgres-1 Waiting 
 Container edk-customer-r1-license-enterprise-platform-1 Waiting 
 Container edk-customer-r1-license-enterprise-tenant-kms-1 Waiting 
 Container edk-customer-r1-license-enterprise-did-1 Waiting 
 Container edk-customer-r1-license-enterprise-tenant-as-1 Waiting 
 Container edk-customer-r1-license-enterprise-issuer-1 Started 
 Container edk-customer-r1-license-enterprise-tenant-as-1 Healthy 
 Container edk-customer-r1-license-enterprise-tenant-kms-1 Healthy 
 Container edk-customer-r1-license-enterprise-platform-1 Healthy 
 Container edk-customer-r1-license-tenant-postgres-1 Healthy 
 Container edk-customer-r1-license-admin-console-tenant-1 Started 
 Container edk-customer-r1-license-admin-console-1 Started 
 Container edk-customer-r1-license-enterprise-did-1 Healthy 
 Container edk-customer-r1-license-enterprise-verifier-1 Starting 
 Container edk-customer-r1-license-enterprise-verifier-1 Started 
 Container edk-customer-r1-license-tenant-postgres-1 Waiting 
 Container edk-customer-r1-license-enterprise-blob-1 Waiting 
 Container edk-customer-r1-license-admin-console-1 Waiting 
 Container edk-customer-r1-license-otel-collector-1 Waiting 
 Container edk-customer-r1-license-admin-console-tenant-1 Waiting 
 Container edk-customer-r1-license-enterprise-tenant-kms-1 Waiting 
 Container edk-customer-r1-license-enterprise-did-1 Waiting 
 Container edk-customer-r1-license-platform-postgres-1 Waiting 
 Container edk-customer-r1-license-enterprise-verifier-1 Waiting 
 Container edk-customer-r1-license-enterprise-platform-1 Waiting 
 Container edk-customer-r1-license-jaeger-1 Waiting 
 Container edk-customer-r1-license-enterprise-tenant-as-1 Waiting 
 Container edk-customer-r1-license-traefik-1 Waiting 
 Container edk-customer-r1-license-enterprise-issuer-1 Waiting 
 Container edk-customer-r1-license-admin-console-1 Healthy 
 Container edk-customer-r1-license-otel-collector-1 Healthy 
 Container edk-customer-r1-license-enterprise-issuer-1 Healthy 
 Container edk-customer-r1-license-traefik-1 Healthy 
 Container edk-customer-r1-license-jaeger-1 Healthy 
 Container edk-customer-r1-license-enterprise-blob-1 Healthy 
 Container edk-customer-r1-license-enterprise-tenant-as-1 Healthy 
 Container edk-customer-r1-license-platform-postgres-1 Healthy 
 Container edk-customer-r1-license-enterprise-did-1 Healthy 
 Container edk-customer-r1-license-admin-console-tenant-1 Healthy 
 Container edk-customer-r1-license-enterprise-platform-1 Healthy 
 Container edk-customer-r1-license-tenant-postgres-1 Healthy 
 Container edk-customer-r1-license-enterprise-tenant-kms-1 Healthy 
 Container edk-customer-r1-license-enterprise-verifier-1 Healthy 
