 Container edk-customer-r1-license-admin-console-tenant-1 Stopping 
 Container edk-customer-r1-license-traefik-1 Stopping 
 Container edk-customer-r1-license-enterprise-verifier-1 Stopping 
 Container edk-customer-r1-license-enterprise-issuer-1 Stopping 
 Container edk-customer-r1-license-admin-console-1 Stopping 
 Container edk-customer-r1-license-admin-console-1 Stopped 
 Container edk-customer-r1-license-admin-console-1 Removing 
 Container edk-customer-r1-license-admin-console-1 Removed 
 Container edk-customer-r1-license-admin-console-tenant-1 Stopped 
 Container edk-customer-r1-license-admin-console-tenant-1 Removing 
 Container edk-customer-r1-license-admin-console-tenant-1 Removed 
 Container edk-customer-r1-license-enterprise-blob-1 Stopping 
 Container edk-customer-r1-license-traefik-1 Stopped 
 Container edk-customer-r1-license-traefik-1 Removing 
 Container edk-customer-r1-license-traefik-1 Removed 
 Container edk-customer-r1-license-enterprise-issuer-1 Stopped 
 Container edk-customer-r1-license-enterprise-issuer-1 Removing 
 Container edk-customer-r1-license-enterprise-issuer-1 Removed 
 Container edk-customer-r1-license-enterprise-verifier-1 Stopped 
 Container edk-customer-r1-license-enterprise-verifier-1 Removing 
 Container edk-customer-r1-license-enterprise-verifier-1 Removed 
 Container edk-customer-r1-license-enterprise-did-1 Stopping 
 Container edk-customer-r1-license-enterprise-blob-1 Stopped 
 Container edk-customer-r1-license-enterprise-blob-1 Removing 
 Container edk-customer-r1-license-enterprise-blob-1 Removed 
 Container edk-customer-r1-license-enterprise-did-1 Stopped 
 Container edk-customer-r1-license-enterprise-did-1 Removing 
 Container edk-customer-r1-license-enterprise-did-1 Removed 
 Container edk-customer-r1-license-enterprise-tenant-kms-1 Stopping 
 Container edk-customer-r1-license-enterprise-tenant-kms-1 Stopped 
 Container edk-customer-r1-license-enterprise-tenant-kms-1 Removing 
 Container edk-customer-r1-license-enterprise-tenant-kms-1 Removed 
 Container edk-customer-r1-license-enterprise-tenant-as-1 Stopping 
 Container edk-customer-r1-license-enterprise-tenant-as-1 Stopped 
 Container edk-customer-r1-license-enterprise-tenant-as-1 Removing 
 Container edk-customer-r1-license-enterprise-tenant-as-1 Removed 
 Container edk-customer-r1-license-enterprise-platform-1 Stopping 
 Container edk-customer-r1-license-enterprise-platform-1 Stopped 
 Container edk-customer-r1-license-enterprise-platform-1 Removing 
 Container edk-customer-r1-license-enterprise-platform-1 Removed 
 Container edk-customer-r1-license-otel-collector-1 Stopping 
 Container edk-customer-r1-license-tenant-postgres-1 Stopping 
 Container edk-customer-r1-license-platform-postgres-1 Stopping 
 Container edk-customer-r1-license-otel-collector-1 Stopped 
 Container edk-customer-r1-license-otel-collector-1 Removing 
 Container edk-customer-r1-license-otel-collector-1 Removed 
 Container edk-customer-r1-license-jaeger-1 Stopping 
 Container edk-customer-r1-license-jaeger-1 Stopped 
 Container edk-customer-r1-license-jaeger-1 Removing 
 Container edk-customer-r1-license-jaeger-1 Removed 
 Container edk-customer-r1-license-platform-postgres-1 Stopped 
 Container edk-customer-r1-license-platform-postgres-1 Removing 
 Container edk-customer-r1-license-platform-postgres-1 Removed 
 Container edk-customer-r1-license-tenant-postgres-1 Stopped 
 Container edk-customer-r1-license-tenant-postgres-1 Removing 
 Container edk-customer-r1-license-tenant-postgres-1 Removed 
 Network edk-customer-r1-license_appnet Removing 
 Network edk-customer-r1-license_platform-db-net Removing 
 Network edk-customer-r1-license_tenant-db-net Removing 
 Network edk-customer-r1-license_platform-db-net Removed 
 Network edk-customer-r1-license_tenant-db-net Removed 
 Network edk-customer-r1-license_appnet Removed 
