Disabled collection entries excluded: 07 Bring Your Own KMS > 01 Tenant Cloud KMS Resource (optional); 07 Bring Your Own KMS > 02 External Key and Certificate Registration (optional) > 01 Register existing external key with optional kid; 07 Bring Your Own KMS > 02 External Key and Certificate Registration (optional) > 02 Register existing external key by alias only; 07 Bring Your Own KMS > 02 External Key and Certificate Registration (optional) > 02a Read external key public metadata; 07 Bring Your Own KMS > 02 External Key and Certificate Registration (optional) > 03 Register AWS-linked stored public certificate; 07 Bring Your Own KMS > 02 External Key and Certificate Registration (optional) > 04 Register Azure provider-native leaf certificate; 07 Bring Your Own KMS > 02 External Key and Certificate Registration (optional) > 05 Read Azure provider-native leaf certificate; 07 Bring Your Own KMS > 02 External Key and Certificate Registration (optional) > 06 Delete external key reference only; 07 Bring Your Own KMS > 02 External Key and Certificate Registration (optional) > 07 Delete external certificate reference only; 07 Bring Your Own KMS > 03 Platform Azure Key Vault (operators, optional); 09 Authorization Server Configuration > 17 Register confidential hosted client with write-only secret; 09 Authorization Server Configuration > 30 Create disabled federation binding; 09 Authorization Server Configuration > 31 Validate federation binding; 09 Authorization Server Configuration > 34 Enable validated federation binding; 09 Authorization Server Configuration > 47 Apply OID4VCI protocol profile upgrade
newman

EDK-Enterprise-Deployment

□ 01 Operator Sign-in
└ 01 Start authorization request
  ┌
  │ `Using "CryptoJS" is deprecated. Use "require('crypto-
  │ js')" instead.`
  └
  GET https://platform.e2e.nk.sphereon.com/authorize?response_type=code&client_id=platform-operator-cli&redirect_uri=https://platform.e2e.nk.sphereon.com/admin-console/callback&scope=openid&state=qa-operator-state-0001&prompt=login&code_challenge=4LsJBvIqA6o3ywXHNDmt05Yp8rAHNvnmxCEJ4tT9mbE&code_challenge_method=S256 [302 Found, 539B, 286ms]
  √  authorize redirects to the hosted login page

└ 02 Open login page
  GET https://platform.e2e.nk.sphereon.com/login?session_id=authz_zJMaVI4YplvJQzXNiE5q8TVuKU2Hc97Hc0DG03bwQKU&return_url=https%3A%2F%2Fplatform.e2e.nk.sphereon.com%2Fauthorize%2Fcallback%3Fsession_id%3Dauthz_zJMaVI4YplvJQzXNiE5q8TVuKU2Hc97Hc0DG03bwQKU [200 OK, 130.18kB, 58ms]
  √  login page rendered

└ 03 Submit operator credentials
  POST https://platform.e2e.nk.sphereon.com/login [302 Found, 522B, 249ms]
  √  credentials accepted

└ 04 Resume authorization callback
  GET https://platform.e2e.nk.sphereon.com/authorize/callback?session_id=authz_zJMaVI4YplvJQzXNiE5q8TVuKU2Hc97Hc0DG03bwQKU [302 Found, 478B, 280ms]
  √  authorization code issued

└ 05 Exchange code for operator token
  POST https://platform.e2e.nk.sphereon.com/token [200 OK, 1.75kB, 184ms]
  √  token issued
  ┌
  │ `Using "CryptoJS" is deprecated. Use "require('crypto-
  │ js')" instead.`
  └
  √  operator token carries platform-admin role
  √  operator token binds the platform tenant

□ 02 Tenant Onboarding
└ 01 Register tenant
  POST https://platform.e2e.nk.sphereon.com/api/platform/admin/v1/tenants [201 Created, 1.9kB, 23.2s]
  √  tenant registered
  √  registration returned tenant gateway protocol URLs

└ 02 Get tenant onboarding status
  GET https://platform.e2e.nk.sphereon.com/api/platform/admin/v1/tenant-onboarding/cd88e7b7-0d40-44f3-8a2f-26fb03a5483a [200 OK, 4.15kB, 18ms]
  √  tenant onboarding status returned

└ 03 Get tenant
  POST https://acme.e2e.nk.sphereon.com/api/platform/config/v1/tenants/fdd9b8d6-a1c4-431c-a378-b172d25a5952/authorization-servers//discovery/refresh [404 Not Found, 132B, 21ms]
  GET https://platform.e2e.nk.sphereon.com/api/platform/admin/v1/tenants/fdd9b8d6-a1c4-431c-a378-b172d25a5952 [200 OK, 602B, 17ms]
  √  tenant returned

└ 04 List tenants
  GET https://platform.e2e.nk.sphereon.com/api/platform/admin/v1/tenants [200 OK, 710B, 25ms]
  √  tenants listed

└ 05 List tenant gateway endpoint bindings
  GET https://platform.e2e.nk.sphereon.com/api/platform/admin/v1/tenants/fdd9b8d6-a1c4-431c-a378-b172d25a5952/public-endpoints [200 OK, 1.49kB, 21ms]
  √  endpoints listed
  √  registration created gateway bindings for AS, issuer, and verifier protocol routes
  √  tenant public endpoint bindings use the exact HTTPS tenant gateway origin

└ 06 Resolve tenant runtime service discovery
  GET https://platform.e2e.nk.sphereon.com/api/platform/bootstrap/v1/runtime-config/admin-console?tenantId=fdd9b8d6-a1c4-431c-a378-b172d25a5952&tenantSlug=acme [200 OK, 39.78kB, 62ms]
  √  tenant runtime config returned
  √  runtime config exposes tenant workload services
  √  runtime config matches the bases derived from baseDomain and tenantSubdomain

└ 07 Resolve verifier party id
  GET https://platform.e2e.nk.sphereon.com/api/platform/config/v1/tenants/fdd9b8d6-a1c4-431c-a378-b172d25a5952/oid4vp/verifier/instances [200 OK, 1.07kB, 18ms]
  √  verifier instances listed
  √  verifier party id resolved from platform config
  √  verifier runtime instance id resolved from platform config

└ 08 Resolve issuer instance id
  GET https://platform.e2e.nk.sphereon.com/api/platform/config/v1/tenants/fdd9b8d6-a1c4-431c-a378-b172d25a5952/oid4vci/issuer/instances [200 OK, 1.1kB, 14ms]
  √  issuer instances listed
  √  issuer instance id resolved from platform config

└ 09 Get issuer testing-console config
  GET https://platform.e2e.nk.sphereon.com/api/platform/config/v1/tenants/fdd9b8d6-a1c4-431c-a378-b172d25a5952/oid4vci/issuer/instances/f080be3b-79b6-4016-b962-4bdc3c221333/testing-console [200 OK, 461B, 26ms]
  √  issuer testing-console config returned
  √  issuer testing-console config is enabled PUBLIC on the tenant host

└ 10 Get verifier testing-console config
  GET https://platform.e2e.nk.sphereon.com/api/platform/config/v1/tenants/fdd9b8d6-a1c4-431c-a378-b172d25a5952/oid4vp/verifier/instances/acme/testing-console [200 OK, 550B, 22ms]
  √  verifier testing-console config returned
  √  verifier testing-console config is enabled PUBLIC on the tenant host

□ 03 Tenant Owner Activation and Sign-in
└ 01 Resolve tenant owner activation
  POST https://platform.e2e.nk.sphereon.com/api/account-actions/v1/resolve [200 OK, 284B, 61ms]
  √  tenant owner activation resolves

└ 02 Complete tenant owner activation
  POST https://platform.e2e.nk.sphereon.com/api/account-actions/v1/complete [200 OK, 293B, 147ms]
  √  tenant owner activation completed

└ 03 Start tenant owner authorization
  ┌
  │ `Using "CryptoJS" is deprecated. Use "require('crypto-
  │ js')" instead.`
  └
  GET https://acme.e2e.nk.sphereon.com/.well-known/openid-configuration [200 OK, 2.61kB, 121ms]
  GET https://acme.e2e.nk.sphereon.com/as/acme/authorize?response_type=code&client_id=platform-operator-cli&redirect_uri=https://platform.e2e.nk.sphereon.com/admin-console/callback&scope=openid&state=qa-tenant-owner-state-0001&prompt=login&code_challenge=48-g0uKj_4lJ79OTTJMG5C9IDZ9SB7qE6rN6nR1c6BY&code_challenge_method=S256 [302 Found, 551B, 314ms]
  √  tenant authorize redirects to hosted login

└ 04 Open tenant owner login page
  GET https://acme.e2e.nk.sphereon.com/as/acme/login?session_id=authz_Jf-U03PmQjVkVtbbQxwzNlHTCzzPYewRXQms4iJixMk&return_url=https%3A%2F%2Facme.e2e.nk.sphereon.com%2Fas%2Facme%2Fauthorize%2Fcallback%3Fsession_id%3Dauthz_Jf-U03PmQjVkVtbbQxwzNlHTCzzPYewRXQms4iJixMk [200 OK, 131.54kB, 506ms]
  √  tenant owner login page rendered

└ 05 Submit tenant owner credentials
  POST https://acme.e2e.nk.sphereon.com/as/acme/login [302 Found, 526B, 684ms]
  √  tenant owner credentials accepted

└ 06 Resume tenant owner authorization
  GET https://acme.e2e.nk.sphereon.com/as/acme/authorize/callback?session_id=authz_Jf-U03PmQjVkVtbbQxwzNlHTCzzPYewRXQms4iJixMk [302 Found, 490B, 549ms]
  √  tenant owner authorization code issued

└ 07 Exchange tenant owner authorization code
  POST https://acme.e2e.nk.sphereon.com/as/acme/token [200 OK, 1.78kB, 671ms]
  √  tenant owner token issued
  ┌
  │ `Using "CryptoJS" is deprecated. Use "require('crypto-
  │ js')" instead.`
  └

└ 07a Resolve tenant hosted authorization server
  GET https://acme.e2e.nk.sphereon.com/api/platform/config/v1/tenants/fdd9b8d6-a1c4-431c-a378-b172d25a5952/authorization-servers?page=0&size=100 [200 OK, 858B, 323ms]
  √  tenant authorization servers listed
  √  tenant registration created an active hosted authorization server
  √  exactly one hosted authorization server is the tenant default

└ 07b Register walkthrough tenant service client
  POST https://acme.e2e.nk.sphereon.com/api/platform/config/v1/tenants/fdd9b8d6-a1c4-431c-a378-b172d25a5952/authorization-servers/e4906a8b-cbbe-40f8-a821-10ee7efd6ede/clients [201 Created, 850B, 273ms]
  √  tenant service client registered

□ 04 Tenant Service Token
└ 01 Resolve tenant token endpoint
  GET https://acme.e2e.nk.sphereon.com/.well-known/openid-configuration [200 OK, 2.61kB, 81ms]
  √  tenant authorization-server discovery returned
  √  discovery exposes a token endpoint
  √  token endpoint belongs to the tenant gateway

└ 02 Tenant service token (client credentials)
  POST https://acme.e2e.nk.sphereon.com/as/acme/token [200 OK, 1.12kB, 373ms]
  √  tenant service token issued
  √  access token returned
  √  access token is a compact JWT
  ┌
  │ `Using "CryptoJS" is deprecated. Use "require('crypto-
  │ js')" instead.`
  └
  √  tenant service token has issuer
  √  tenant service token binds the registered tenant
  √  tenant service token is a workload token of the registered client
  √  tenant service token carries the tenant-admin role
  √  tenant service token is scoped to runtime audiences

□ 04a Authentication Preflight
└ 01 Validate platform and tenant token scopes
  GET https://acme.e2e.nk.sphereon.com/.well-known/openid-configuration [200 OK, 2.61kB, 82ms]
  ┌
  │ `Using "CryptoJS" is deprecated. Use "require('crypto-
  │ js')" instead.`
  └
  √  platform token has platform-admin role
  √  platform token binds the platform tenant
  √  platform token audience is enterprise-platform
  √  tenant token has tenant-admin role
  √  tenant token binds the registered tenant
  √  tenant token has the required runtime audiences

□ 05 Subtenants
└ 01 Register the acme-eu subtenant
  POST https://platform.e2e.nk.sphereon.com/api/platform/admin/v1/tenants [201 Created, 1.95kB, 19.6s]
  √  acme-eu registered
  √  acme-eu is a child of the expected parent

└ 02 Wait for the acme-eu onboarding to complete
  GET https://platform.e2e.nk.sphereon.com/api/platform/admin/v1/tenant-onboarding/4da3b92f-92df-4786-aafa-71a39de91941 [200 OK, 4.15kB, 17ms]
  √  acme-eu onboarding status returned
  √  acme-eu onboarding completed
  √  acme-eu onboarding provisioned every step without error

└ 05 List the children of the root tenant
  GET https://platform.e2e.nk.sphereon.com/api/platform/admin/v1/tenants/fdd9b8d6-a1c4-431c-a378-b172d25a5952/children?page=0&size=50 [200 OK, 731B, 19ms]
  √  root tenant children listed
  √  the root tenant lists acme-eu as its immediate child
  √  the children listing is immediate, not transitive

□ 06 Tenant Keys and DID
└ 01 List KMS offerings
  GET https://acme.e2e.nk.sphereon.com/api/platform/config/v1/tenants/fdd9b8d6-a1c4-431c-a378-b172d25a5952/kms/offerings [200 OK, 642B, 105ms]
  √  kms offerings listed

└ 02 List KMS resources
  GET https://acme.e2e.nk.sphereon.com/api/platform/config/v1/tenants/fdd9b8d6-a1c4-431c-a378-b172d25a5952/kms/resources [200 OK, 698B, 108ms]
  √  kms resources listed
  √  every resource publishes the provider id the runtime KMS plane uses

└ 03 Validate tenant setup KMS resource
  POST https://acme.e2e.nk.sphereon.com/api/platform/config/v1/tenants/fdd9b8d6-a1c4-431c-a378-b172d25a5952/kms/resources/krh_c2eb9dd9c090481eb7483d5bbe82f0a1/validate [200 OK, 211B, 108ms]
  √  tenant setup KMS resource validates
  √  tenant setup KMS validation returns the required public shape

└ 11 List activation-created DID identifiers
  GET https://acme.e2e.nk.sphereon.com/api/did/v1/identifiers [200 OK, 388B, 350ms]
  √  did identifiers listed

└ 12 Resolve activation-created DID
  GET https://acme.e2e.nk.sphereon.com/api/did/v1/identifiers/did%3Aweb%3Aacme.e2e.nk.sphereon.com [200 OK, 283B, 82ms]
  √  did resolved

└ 13 List activation-created DID verification methods
  GET https://acme.e2e.nk.sphereon.com/api/did/v1/identifiers/did%3Aweb%3Aacme.e2e.nk.sphereon.com/verification-methods [200 OK, 546B, 74ms]
  √  verification methods listed

└ 14 Fetch hosted activation did.json
  GET https://acme.e2e.nk.sphereon.com/.well-known/did.json [200 OK, 1.94kB, 13ms]
  √  did.json returned

□ 08 KMS Provider Sharing
└ 01 Create shareable platform KMS resource
  POST https://platform.e2e.nk.sphereon.com/api/platform/config/v1/tenants/platform/kms/resources [201 Created, 735B, 84ms]
  √  platform-owned KMS resource created or managed KMS is unavailable
  √  the platform KMS is addressable on both planes

└ 03 Offer the platform KMS as a shared instance
  PUT https://platform.e2e.nk.sphereon.com/api/platform/config/v1/tenants/platform/kms/resources/krh_9b013773a0ca4d0e9539f0e7910869f0/sharing [200 OK, 234B, 26ms]
  √  shared-instance offer accepted
  √  the stored offer names shared-instance fulfillment and the offered tenant

└ 05 List platform KMSes offered to the tenant
  GET https://acme.e2e.nk.sphereon.com/api/platform/config/v1/tenants/fdd9b8d6-a1c4-431c-a378-b172d25a5952/kms/shared-providers [200 OK, 422B, 103ms]
  √  offered platform KMSes listed
  √  the platform offer reaches the tenant unenabled

└ 06 Enable the offered platform KMS
  POST https://acme.e2e.nk.sphereon.com/api/platform/config/v1/tenants/fdd9b8d6-a1c4-431c-a378-b172d25a5952/kms/shared-providers/walkthrough-platform-88adbcff-064e-4547-8856-446d0dc7b639:enable [200 OK, 405B, 106ms]
  √  offered platform KMS enabled
  √  the provider comes back enabled under the same provider id

└ 07 Read the tenant default KMS provider
  GET https://acme.e2e.nk.sphereon.com/api/platform/config/v1/tenants/fdd9b8d6-a1c4-431c-a378-b172d25a5952/kms/default-provider [200 OK, 123B, 108ms]
  √  default KMS provider readable
  √  a tenant with no default reads as an absent value, not an error

└ 08 Set the tenant default KMS provider
  PUT https://acme.e2e.nk.sphereon.com/api/platform/config/v1/tenants/fdd9b8d6-a1c4-431c-a378-b172d25a5952/kms/default-provider [200 OK, 164B, 121ms]
  √  tenant default KMS provider set
  √  the tenant selection is recorded as the tenant's own

└ 09 List runtime KMS providers
  GET https://acme.e2e.nk.sphereon.com/api/kms/v1/providers [200 OK, 261B, 339ms]
  √  runtime KMS providers listed
  √  every runtime provider carries the operator-facing projection
  √  the runtime plane addresses the tenant setup KMS by its management-plane provider id
  √  the provider selected as default reports itself as the default

□ 09 Authorization Server Configuration
└ 09 Create hosted authorization server
  POST https://acme.e2e.nk.sphereon.com/api/platform/config/v1/tenants/fdd9b8d6-a1c4-431c-a378-b172d25a5952/authorization-servers [201 Created, 769B, 183ms]
  √  hosted authorization server created

└ 10 Get hosted authorization server by UUID
  GET https://acme.e2e.nk.sphereon.com/api/platform/config/v1/tenants/fdd9b8d6-a1c4-431c-a378-b172d25a5952/authorization-servers/58ec36bf-1978-42e5-a45d-adbd9e1e9dd1 [200 OK, 764B, 97ms]
  √  hosted authorization server read

└ 11 Replace hosted authorization server metadata
  PUT https://acme.e2e.nk.sphereon.com/api/platform/config/v1/tenants/fdd9b8d6-a1c4-431c-a378-b172d25a5952/authorization-servers/58ec36bf-1978-42e5-a45d-adbd9e1e9dd1 [200 OK, 772B, 99ms]
  √  hosted authorization server replaced

└ 15 Activate hosted authorization server
  POST https://acme.e2e.nk.sphereon.com/api/platform/config/v1/tenants/fdd9b8d6-a1c4-431c-a378-b172d25a5952/authorization-servers/58ec36bf-1978-42e5-a45d-adbd9e1e9dd1/activate [200 OK, 772B, 97ms]
  √  hosted authorization server activated

└ 16 Register public hosted client
  POST https://acme.e2e.nk.sphereon.com/api/platform/config/v1/tenants/fdd9b8d6-a1c4-431c-a378-b172d25a5952/authorization-servers/58ec36bf-1978-42e5-a45d-adbd9e1e9dd1/clients [201 Created, 569B, 99ms]
  √  public client registered

└ 19 Create hosted identity
  POST https://acme.e2e.nk.sphereon.com/api/platform/config/v1/tenants/fdd9b8d6-a1c4-431c-a378-b172d25a5952/authorization-servers/58ec36bf-1978-42e5-a45d-adbd9e1e9dd1/identities [201 Created, 790B, 821ms]
  √  hosted identity created

└ 20a Resolve hosted identity activation
  POST https://platform.e2e.nk.sphereon.com/api/account-actions/v1/resolve [200 OK, 286B, 80ms]
  √  hosted identity activation resolves

└ 20b Complete hosted identity activation
  POST https://platform.e2e.nk.sphereon.com/api/account-actions/v1/complete [200 OK, 378B, 141ms]
  √  hosted identity activation completed

└ 25 Create external authorization server from discovery
  POST https://acme.e2e.nk.sphereon.com/api/platform/config/v1/tenants/fdd9b8d6-a1c4-431c-a378-b172d25a5952/authorization-servers [201 Created, 1.91kB, 422ms]
  √  external authorization server created

└ 26 Validate external authorization server discovery
  POST https://acme.e2e.nk.sphereon.com/api/platform/config/v1/tenants/fdd9b8d6-a1c4-431c-a378-b172d25a5952/authorization-servers/9eca5fd5-9fdc-4492-8dfb-b29df96c3f7a/validate [200 OK, 1.29kB, 414ms]
  √  external discovery validated

└ 27 Refresh external authorization server discovery
  POST https://acme.e2e.nk.sphereon.com/api/platform/config/v1/tenants/fdd9b8d6-a1c4-431c-a378-b172d25a5952/authorization-servers/9eca5fd5-9fdc-4492-8dfb-b29df96c3f7a/discovery/refresh [200 OK, 1.9kB, 391ms]
  √  external discovery refreshed

└ 29 Activate external authorization server
  POST https://acme.e2e.nk.sphereon.com/api/platform/config/v1/tenants/fdd9b8d6-a1c4-431c-a378-b172d25a5952/authorization-servers/9eca5fd5-9fdc-4492-8dfb-b29df96c3f7a/activate [200 OK, 1.9kB, 95ms]
  √  external authorization server activated

└ 36 Create default issuer authorization server binding
  POST https://acme.e2e.nk.sphereon.com/api/platform/config/v1/tenants/fdd9b8d6-a1c4-431c-a378-b172d25a5952/oid4vci/issuers/f080be3b-79b6-4016-b962-4bdc3c221333/authorization-server-bindings [201 Created, 372B, 108ms]
  √  default issuer AS binding created

└ 39 Apply credential authorization server override
  PUT https://acme.e2e.nk.sphereon.com/api/platform/config/v1/tenants/fdd9b8d6-a1c4-431c-a378-b172d25a5952/oid4vci/issuers/f080be3b-79b6-4016-b962-4bdc3c221333/credential-configurations/EuPid/authorization-server [200 OK, 243B, 176ms]
  √  credential AS override stored

└ 44 Read issuer protocol profile
  GET https://acme.e2e.nk.sphereon.com/api/platform/config/v1/tenants/fdd9b8d6-a1c4-431c-a378-b172d25a5952/oid4vci/issuers/f080be3b-79b6-4016-b962-4bdc3c221333/protocol-profile [200 OK, 259B, 106ms]
  √  issuer protocol profile read

└ 45 Dry-run compatible OID4VCI protocol profile upgrade
  POST https://acme.e2e.nk.sphereon.com/api/platform/config/v1/tenants/fdd9b8d6-a1c4-431c-a378-b172d25a5952/oid4vci/issuers/f080be3b-79b6-4016-b962-4bdc3c221333/protocol-profile/upgrade/dry-run [200 OK, 341B, 164ms]
  √  profile upgrade dry-run completed

└ 47a Refresh issuer authorization server bindings
  GET https://acme.e2e.nk.sphereon.com/api/platform/config/v1/tenants/fdd9b8d6-a1c4-431c-a378-b172d25a5952/oid4vci/issuers/f080be3b-79b6-4016-b962-4bdc3c221333/authorization-server-bindings [200 OK, 582B, 119ms]
  √  issuer AS bindings refreshed

└ 47b Restore the issuer default to the seeded authorization server
  PUT https://acme.e2e.nk.sphereon.com/api/platform/config/v1/tenants/fdd9b8d6-a1c4-431c-a378-b172d25a5952/oid4vci/issuers/f080be3b-79b6-4016-b962-4bdc3c221333/authorization-server-bindings/ac39d6f6-f601-4f8b-b7d9-45343d6386ae [200 OK, 324B, 102ms]
  √  issuer default restored to the seeded AS

└ 42 Delete credential authorization server override under revision CAS
  DELETE https://acme.e2e.nk.sphereon.com/api/platform/config/v1/tenants/fdd9b8d6-a1c4-431c-a378-b172d25a5952/oid4vci/issuers/f080be3b-79b6-4016-b962-4bdc3c221333/credential-configurations/EuPid/authorization-server [204 No Content, 78B, 153ms]
  √  credential AS override deleted under revision CAS

└ 47d Delete leftover walkthrough issuer authorization server binding
  DELETE https://acme.e2e.nk.sphereon.com/api/platform/config/v1/tenants/fdd9b8d6-a1c4-431c-a378-b172d25a5952/oid4vci/issuers/f080be3b-79b6-4016-b962-4bdc3c221333/authorization-server-bindings/449b798a-14d1-415f-81aa-90463db64850 [204 No Content, 78B, 102ms]
  √  leftover walkthrough binding deleted

□ 10 Issuer Configuration
└ 01 Create issuer design
  POST https://acme.e2e.nk.sphereon.com/api/credential-design/v1/designs/issuers [201 Created, 1.17kB, 320ms]
  √  issuer design created

└ 02 Upload issuer logo asset
  POST https://acme.e2e.nk.sphereon.com/api/credential-design/v1/designs/credentials/94b27f71-d40e-4dd7-960c-5531bc2a43de/assets/en/LOGO [201 Created, 570B, 83ms]
  √  02 Upload issuer logo asset succeeded
  √  asset uri is content-addressed
  √  asset carries sha256 integrity

└ 03 Create issuer render variant
  POST https://acme.e2e.nk.sphereon.com/api/credential-design/v1/designs/render/variants [201 Created, 717B, 73ms]
  √  issuer render variant created

└ 04 Attach render variant to issuer design
  PUT https://acme.e2e.nk.sphereon.com/api/credential-design/v1/designs/issuers/94b27f71-d40e-4dd7-960c-5531bc2a43de [200 OK, 1.2kB, 94ms]
  √  issuer design updated with render variant

□ 11 Credential Designs
└ 01 Create EuPid SD-JWT design
  POST https://acme.e2e.nk.sphereon.com/api/credential-design/v1/designs/credentials [201 Created, 4.93kB, 176ms]
  √  eupid design created

└ 02 Upload EuPid logo asset
  POST https://acme.e2e.nk.sphereon.com/api/credential-design/v1/designs/credentials/081f124f-a475-4ed8-9aef-263cc4b530d9/assets/en/LOGO [201 Created, 570B, 77ms]
  √  02 Upload EuPid logo asset succeeded
  √  asset uri is content-addressed
  √  asset carries sha256 integrity

└ 03 Create EuPid render variant (en)
  POST https://acme.e2e.nk.sphereon.com/api/credential-design/v1/designs/render/variants [201 Created, 694B, 74ms]
  √  eupid en render variant created

└ 04 Create EuPid render variant (nl)
  POST https://acme.e2e.nk.sphereon.com/api/credential-design/v1/designs/render/variants [201 Created, 694B, 107ms]
  √  eupid nl render variant created

└ 05 Attach render variants to EuPid design
  PUT https://acme.e2e.nk.sphereon.com/api/credential-design/v1/designs/credentials/081f124f-a475-4ed8-9aef-263cc4b530d9 [200 OK, 5.08kB, 195ms]
  √  eupid design updated with render variants

└ 06 Create Mdl mdoc design
  POST https://acme.e2e.nk.sphereon.com/api/credential-design/v1/designs/credentials [201 Created, 6.77kB, 186ms]
  √  mdl design created

└ 07 Upload Mdl logo asset
  POST https://acme.e2e.nk.sphereon.com/api/credential-design/v1/designs/credentials/b66b0cbc-e650-48b5-b388-7a196efaeeb1/assets/en/LOGO [201 Created, 570B, 78ms]
  √  07 Upload Mdl logo asset succeeded
  √  asset uri is content-addressed
  √  asset carries sha256 integrity

└ 08 Create Mdl render variant (en)
  POST https://acme.e2e.nk.sphereon.com/api/credential-design/v1/designs/render/variants [201 Created, 708B, 82ms]
  √  mdl en render variant created

└ 09 Attach render variant to Mdl design
  PUT https://acme.e2e.nk.sphereon.com/api/credential-design/v1/designs/credentials/b66b0cbc-e650-48b5-b388-7a196efaeeb1 [200 OK, 6.87kB, 199ms]
  √  mdl design updated with render variant

└ 10 List credential designs
  GET https://acme.e2e.nk.sphereon.com/api/credential-design/v1/designs/credentials [200 OK, 23.97kB, 89ms]
  √  designs listed

□ 12 Status Lists
└ 00a Resolve EuPid DID signing selection
  GET https://platform.e2e.nk.sphereon.com/api/platform/config/v1/tenants/fdd9b8d6-a1c4-431c-a378-b172d25a5952/oid4vci/issuer/instances/f080be3b-79b6-4016-b962-4bdc3c221333/credential-config-settings/EuPid [200 OK, 782B, 102ms]
  √  EuPid signing configuration returned
  √  EuPid carries an exact DID signing selection
  √  the DID signing selection belongs to the tenant did:web

└ 00b Resolve mDL X.509 signing selection
  GET https://platform.e2e.nk.sphereon.com/api/platform/config/v1/tenants/fdd9b8d6-a1c4-431c-a378-b172d25a5952/oid4vci/issuer/instances/f080be3b-79b6-4016-b962-4bdc3c221333/credential-config-settings/Mdl [200 OK, 638B, 103ms]
  √  mDL signing configuration returned
  √  mDL carries an exact X.509 signing selection

└ 01 Create token status list
  POST https://acme.e2e.nk.sphereon.com/api/statuslist/v1/statuslists [201 Created, 1.11kB, 639ms]
  √  status list created
  √  status list response matches EuPid revocation contract
  ┌
  │ `Using "atob" is deprecated. Use "require('atob')" ins
  │ tead.`
  └
  √  status list signed token claims match hosted list

└ 02 List status lists
  GET https://acme.e2e.nk.sphereon.com/api/statuslist/v1/statuslists [200 OK, 980B, 115ms]
  √  status lists returned
  √  EuPid revocation status list visible

└ 03 Get token status list
  GET https://acme.e2e.nk.sphereon.com/api/statuslist/v1/statuslists/cb9a35b9-8948-487f-a023-d1e0bd064fff [200 OK, 1.1kB, 107ms]
  √  status list returned

└ 04 Fetch hosted status list token
  GET https://acme.e2e.nk.sphereon.com/public/statuslists/eupid-revocation [200 OK, 688B, 41ms]
  √  status list hosted
  ┌
  │ `Using "atob" is deprecated. Use "require('atob')" ins
  │ tead.`
  └
  √  hosted status list has statuslist JWT media type and claims

└ 04a Create X.509 token status list
  POST https://acme.e2e.nk.sphereon.com/api/statuslist/v1/statuslists [201 Created, 2.41kB, 500ms]
  √  X.509 status list created or already provisioned
  ┌
  │ `Using "atob" is deprecated. Use "require('atob')" ins
  │ tead.`
  └
  √  X.509 status list response uses x5c without kid

└ 04b Fetch hosted X.509 status list token
  GET https://acme.e2e.nk.sphereon.com/public/statuslists/x509-revocation [200 OK, 1.99kB, 38ms]
  √  X.509 status list hosted
  ┌
  │ `Using "atob" is deprecated. Use "require('atob')" ins
  │ tead.`
  └
  √  hosted X.509 status list uses x5c without kid

└ 05 Revoke a status entry
  POST https://acme.e2e.nk.sphereon.com/api/statuslist/v1/statuslists/cb9a35b9-8948-487f-a023-d1e0bd064fff/status [200 OK, 304B, 492ms]
  √  entry revoked

└ 06 Reactivate the status entry
  POST https://acme.e2e.nk.sphereon.com/api/statuslist/v1/statuslists/cb9a35b9-8948-487f-a023-d1e0bd064fff/status [200 OK, 304B, 511ms]
  √  entry reactivated

└ 07 Read status entry
  GET https://acme.e2e.nk.sphereon.com/api/statuslist/v1/statuslists/cb9a35b9-8948-487f-a023-d1e0bd064fff/entries/42 [200 OK, 304B, 100ms]
  √  status entry returned
  √  reactivated status entry is readable without allocation leak

□ 12 Status Lists / CWT mdoc
└ 01 Create the CWT token status list
  POST https://acme.e2e.nk.sphereon.com/api/statuslist/v1/statuslists [201 Created, 23.69kB, 451ms]
  √  CWT status list created or already provisioned
  √  the CWT status list matches the mdoc revocation contract
  √  the list declares the ISO 18013-5 mdoc status_list profile

└ 02 Fetch the hosted CWT status list
  GET https://acme.e2e.nk.sphereon.com/public/statuslists/mdoc-revocation [200 OK, 17.47kB, 48ms]
  √  CWT status list hosted
  √  the hosted CWT list is an untagged COSE_Sign1 with the statuslist CWT media type

□ 12 Status Lists / Bitstring VCDM
└ 01 Create the bitstring status list
  POST https://acme.e2e.nk.sphereon.com/api/statuslist/v1/statuslists [201 Created, 1.85kB, 588ms]
  √  bitstring status list created or already provisioned
  √  the bitstring list serves revocation and suspension with two bits per status

└ 02 Get the bitstring status list
  GET https://acme.e2e.nk.sphereon.com/api/statuslist/v1/statuslists/f3e9ffc5-6daf-498c-8431-a2a953322da5 [200 OK, 1.85kB, 113ms]
  √  bitstring status list returned
  √  the persisted list keeps both purposes and two bits per status

└ 03 Suspend a bitstring status entry
  POST https://acme.e2e.nk.sphereon.com/api/statuslist/v1/statuslists/f3e9ffc5-6daf-498c-8431-a2a953322da5/status [200 OK, 304B, 495ms]
  √  entry suspended

└ 04 Read the suspended entry
  GET https://acme.e2e.nk.sphereon.com/api/statuslist/v1/statuslists/f3e9ffc5-6daf-498c-8431-a2a953322da5/entries/11 [200 OK, 304B, 102ms]
  √  bitstring status entry returned
  √  the entry reads back as suspended

□ 13 Credential Configurations
└ 01 Read the EuPid credential configuration
  GET https://platform.e2e.nk.sphereon.com/api/platform/config/v1/tenants/fdd9b8d6-a1c4-431c-a378-b172d25a5952/oid4vci/issuer/instances/f080be3b-79b6-4016-b962-4bdc3c221333/credential-config-settings/EuPid [200 OK, 782B, 94ms]
  √  EuPid credential configuration returned
  √  EuPid already references the shared list

└ 02 Read the Mdl credential configuration
  GET https://platform.e2e.nk.sphereon.com/api/platform/config/v1/tenants/fdd9b8d6-a1c4-431c-a378-b172d25a5952/oid4vci/issuer/instances/f080be3b-79b6-4016-b962-4bdc3c221333/credential-config-settings/Mdl [200 OK, 638B, 100ms]
  √  Mdl credential configuration returned

└ 03 Register the EmployeeBadge configuration (VCDM 1.1)
  PUT https://platform.e2e.nk.sphereon.com/api/platform/config/v1/tenants/fdd9b8d6-a1c4-431c-a378-b172d25a5952/oid4vci/issuer/instances/f080be3b-79b6-4016-b962-4bdc3c221333/credential-config-settings/EmployeeBadge [200 OK, 861B, 154ms]
  √  EmployeeBadge credential configuration registered
  √  EmployeeBadge is a VCDM 1.1 configuration bound to the bitstring list

└ 04 Register the Membership configuration (VCDM 2.0)
  PUT https://platform.e2e.nk.sphereon.com/api/platform/config/v1/tenants/fdd9b8d6-a1c4-431c-a378-b172d25a5952/oid4vci/issuer/instances/f080be3b-79b6-4016-b962-4bdc3c221333/credential-config-settings/Membership [200 OK, 855B, 145ms]
  √  Membership credential configuration registered
  √  Membership is a VCDM 2.0 configuration bound to the bitstring list

└ 05 Bind the CWT status list to the Mdl configuration
  PUT https://platform.e2e.nk.sphereon.com/api/platform/config/v1/tenants/fdd9b8d6-a1c4-431c-a378-b172d25a5952/oid4vci/issuer/instances/f080be3b-79b6-4016-b962-4bdc3c221333/credential-config-settings/Mdl [200 OK, 686B, 150ms]
  √  CWT status list bound to Mdl
  √  the mDL configuration references the CWT list by correlation id

□ 14 Hosted Branding Verification
└ 01 Fetch hosted VCT metadata
  GET https://acme.e2e.nk.sphereon.com/public/schema/vct/EuPid [200 OK, 2.05kB, 131ms]
  √  vct metadata served
  √  vct present
  √  display has en and nl entries
  √  display entries use locale (not legacy lang)
  √  display has rendering.simple
  √  rendering.simple has logo with uri under asset base
  √  hosted logo uri is content-addressed
  √  hosted logo carries uri#integrity sha256
  √  en and nl displays share the same content-addressed logo uri
  √  rendering.simple has background_color and text_color
  √  claims carry localized display labels (en and nl)
  √  claims[].sd is lowercase

└ 02 Fetch issuer well-known metadata
  GET https://acme.e2e.nk.sphereon.com/.well-known/openid-credential-issuer [200 OK, 5.85kB, 291ms]
  √  issuer metadata served
  √  top-level display has issuer name and logo (en and nl)
  √  issuer metadata uses locale key (not lang)
  √  EuPid configuration present with branding metadata

└ 03 Fetch content-addressed asset
  GET https://acme.e2e.nk.sphereon.com/public/assets/design/2b3582f505a052b8f8c011eae6c10cecc590cf2f3941a8dbecd181e4c9f0e863.png [200 OK, 1.85kB, 16ms]
  √  content-addressed asset served
  √  asset has an image content-type

□ 15 Issue SD-JWT VC and mdoc
└ 01 Create EuPid offer
  ┌
  │ `Using "CryptoJS" is deprecated. Use "require('crypto-
  │ js')" instead.`
  └
  POST https://acme.e2e.nk.sphereon.com/api/oid4vci/v1/backend/credential/offers [201 Created, 518B, 302ms]
  ┌
  │ 'DBG-offer-create', '201', '{"correlation_id":"e2e-eup
  │ id-001","session_id":"6d61d2bf-ae22-4e17-9125-5dd2253f
  │ d558","offer_uri":"openid-credential-offer://?credenti
  │ al_offer_uri=https%3A%2F%2Facme.e2e.nk.sphereon.com%2F
  │ oid4vci%2Facme%2Foid4vci%2Fcredentials%2Foffers%2F062d
  │ e939-8556-4d2c-93dd-d54c9ab4db4d","status_uri":"https:
  │ //acme.e2e.nk.sphereon.com/api/oid4vci/v1/backend/cred
  │ ential/offers/e2e-eupid-001"}'
  └
  √  offer created

└ 02 Resolve credential offer
  GET https://acme.e2e.nk.sphereon.com/oid4vci/acme/oid4vci/credentials/offers/062de939-8556-4d2c-93dd-d54c9ab4db4d [200 OK, 355B, 141ms]
  ┌
  │ 'DBG-offer-resolve', '200', '{"credential_issuer":"htt
  │ ps://acme.e2e.nk.sphereon.com/oid4vci/acme","credentia
  │ l_configuration_ids":["EuPid"],"grants":{"urn:ietf:par
  │ ams:oauth:grant-type:pre-authorized_code":{"pre-author
  │ ized_code":"hFOGjboIEYGWQwOEKXttoAClToRAtSelKPNNnR2SmQ
  │ M"}}}'
  └
  √  offer resolved
  √  resolved EuPid offer carries exact credential configuration id

└ 03 Fetch OID4VCI metadata
  GET https://acme.e2e.nk.sphereon.com/.well-known/openid-credential-issuer/oid4vci/acme [200 OK, 5.85kB, 213ms]
  √  OID4VCI metadata served
  √  sample credential metadata separates PID and mdoc contracts

└ 04 Exchange pre-authorized code for token
  POST https://acme.e2e.nk.sphereon.com/as/acme/token [200 OK, 1.4kB, 425ms]
  ┌
  │ 'DBG-token-exchange', '200', '{"access_token":"eyJ0eXA
  │ iOiJhdCtqd3QiLCJraWQiOiJvYXV0aDItYXMtYWNtZSIsImFsZyI6I
  │ kVTMjU2In0.eyJpc3MiOiJodHRwczovL2FjbWUuZTJlLm5rLnNwaGV
  │ yZW9uLmNvbS9hcy9hY21lIiwic3ViIjoiIiwiY2xpZW50X2lkIjoiI
  │ iwiaWF0IjoxNzg5Njg4OTM0LCJleHAiOjE3ODk2OTI1MzQsImp0aSI
  │ 6IjhKenJPanozUU5naWV4R0JaT0RraUROSEdXWTVrb3NZUkFyRDJ4S
  │ HIxcWMiLCJhenAiOiIiLCJhdWQiOiJodHRwczovL2FjbWUuZTJlLm5
  │ rLnNwaGVyZW9uLmNvbS9vaWQ0dmNpL2FjbWUiLCJhdXRob3JpemF0a
  │ W9uX2RldGFpbHMiOlt7InR5cGUiOiJvcGVuaWRfY3JlZGVudGlhbCI
  │ sImNyZWRlbnRpYWxfY29uZmlndXJhdGlvbl9pZCI6IkV1UGlkIiwiY
  │ 3JlZGVudGlhbF9pZGVudGlmaWVycyI6WyJ1cm46dmR4Om9pZDR2Y2k
  │ 6Y3JlZGVudGlhbDo2ZDYxZDJiZi1hZTIyLTRlMTctOTEyNS01ZGQyM
  │ jUzZmQ1NTg6YjgyMjBlYWMtM2YxMi00OTExLTg0OTUtMDJiNWRkYTY
  │ zNjZkIl19XSwidGVuYW50X2lkIjoiZmRkOWI4ZDYtYTFjNC00MzFjL
  │ WEzNzgtYjE3MmQyNWE1OTUyIn0.Q4vjwgMAc4142bpu7N4y4dOog5D
  │ OlcnRMojelMVFsNbYZ2GsT9Waw6qED5U2STD_jX5pwuCTIXUkb62j9
  │ OGr5A","token_type":"Bearer","expires_in":3600,"author
  │ ization_deta'
  └
  √  token issued
  √  pre-authorized token returns an opaque EuPid credential identifier distinct from its configuration id

└ 05 Request EuPid credential
  POST https://acme.e2e.nk.sphereon.com/oid4vci/acme/oid4vci/nonce [200 OK, 215B, 57ms]
  POST https://acme.e2e.nk.sphereon.com/oid4vci/acme/oid4vci/credential [200 OK, 2.02kB, 1790ms]
  √  eupid credential issued
  ┌
  │ `Using "atob" is deprecated. Use "require('atob')" ins
  │ tead.`
  └
  √  EuPid credential carries expected VCT and status-list reference
  √  EuPid credential and status list use the same did:web signer identity

└ 06 Check EuPid offer status
  GET https://acme.e2e.nk.sphereon.com/api/oid4vci/v1/backend/credential/offers/e2e-eupid-001 [200 OK, 545B, 88ms]
  √  session tracked

└ 07 Create Mdl offer
  POST https://acme.e2e.nk.sphereon.com/api/oid4vci/v1/backend/credential/offers [201 Created, 514B, 308ms]
  √  mdl offer created

└ 08 Resolve Mdl offer
  GET https://acme.e2e.nk.sphereon.com/oid4vci/acme/oid4vci/credentials/offers/35fe26e6-72f4-4a8e-949d-c3fd818089c7 [200 OK, 353B, 65ms]
  √  mdl offer resolved
  √  resolved mDL offer carries exact credential configuration id

└ 09 Exchange Mdl code for token
  POST https://acme.e2e.nk.sphereon.com/as/acme/token [200 OK, 1.4kB, 423ms]
  √  mdl token issued
  √  pre-authorized token returns an opaque Mdl credential identifier distinct from its configuration id

└ 10 Request Mdl credential
  POST https://acme.e2e.nk.sphereon.com/oid4vci/acme/oid4vci/nonce [200 OK, 215B, 39ms]
  POST https://acme.e2e.nk.sphereon.com/oid4vci/acme/oid4vci/credential [200 OK, 3.57kB, 1388ms]
  √  mdl credential issued
  √  mDL credential response contains an opaque mdoc payload

□ 16 Issue with Transaction Code
└ 01 Create transaction-code EuPid offer
  POST https://acme.e2e.nk.sphereon.com/api/oid4vci/v1/backend/credential/offers [201 Created, 601B, 329ms]
  ┌
  │ 'DBG-tx-offer-create', '201', '{"correlation_id":"tx-e
  │ upid-d69cd452-ccbd-4b2b-b8d9-ba5a4bc51375","session_id
  │ ":"9cd3d69f-1ebe-4e11-83bc-21e13a9bca40","offer_uri":"
  │ openid-credential-offer://?credential_offer_uri=https%
  │ 3A%2F%2Facme.e2e.nk.sphereon.com%2Foid4vci%2Facme%2Foi
  │ d4vci%2Fcredentials%2Foffers%2Fa5370c07-32d2-4a10-a589
  │ -5f8d23866645","status_uri":"https://acme.e2e.nk.spher
  │ eon.com/api/oid4vci/v1/backend/credential/offers/tx-eu
  │ pid-d69cd452-ccbd-4b2b-b8d9-ba5a4bc51375","tx_code":"0
  │ 40665"}'
  └
  √  transaction-code offer created

└ 02 Resolve transaction-code EuPid offer
  GET https://acme.e2e.nk.sphereon.com/oid4vci/acme/oid4vci/credentials/offers/a5370c07-32d2-4a10-a589-5f8d23866645 [200 OK, 378B, 127ms]
  ┌
  │ 'DBG-tx-offer-resolve', '200', '{"credential_issuer":"
  │ https://acme.e2e.nk.sphereon.com/oid4vci/acme","creden
  │ tial_configuration_ids":["EuPid"],"grants":{"urn:ietf:
  │ params:oauth:grant-type:pre-authorized_code":{"pre-aut
  │ horized_code":"wz5IXmZ5J-g8LI6xz3tbIlQT6W7DqGYLpmZFEOx
  │ 1MBQ","tx_code":{"length":6}}}}'
  └
  √  transaction-code offer resolved

└ 03 Fetch transaction-code OID4VCI metadata
  GET https://acme.e2e.nk.sphereon.com/oid4vci/acme/.well-known/openid-credential-issuer [200 OK, 6.51kB, 170ms]
  √  transaction-code metadata served

└ 05 Exchange transaction code for token
  POST https://acme.e2e.nk.sphereon.com/as/acme/token [200 OK, 1.4kB, 428ms]
  √  correct transaction code succeeds after wrong attempt

└ 05a Fetch credential nonce
  POST https://acme.e2e.nk.sphereon.com/oid4vci/acme/oid4vci/nonce [200 OK, 215B, 54ms]
  √  credential nonce issued

└ 06 Issue transaction-code EuPid credential
  ┌
  │ `Using "CryptoJS" is deprecated. Use "require('crypto-
  │ js')" instead.`
  └
  POST https://acme.e2e.nk.sphereon.com/oid4vci/acme/oid4vci/credential [200 OK, 2.03kB, 1316ms]
  √  transaction-code credential issued
  ┌
  │ `Using "atob" is deprecated. Use "require('atob')" ins
  │ tead.`
  └

└ 07 Assert transaction-code offer status correlation
  GET https://acme.e2e.nk.sphereon.com/api/oid4vci/v1/backend/credential/offers/tx-eupid-d69cd452-ccbd-4b2b-b8d9-ba5a4bc51375 [200 OK, 577B, 96ms]
  √  transaction-code offer status is readable

└ 09 Dereference transaction-code credential status
  GET https://acme.e2e.nk.sphereon.com/public/statuslists/eupid-revocation [200 OK, 688B, 41ms]
  √  credential status reference dereferenced

□ 17 Issue W3C VCDM 1.1
└ 02 Create the EmployeeBadge offer
  POST https://acme.e2e.nk.sphereon.com/api/oid4vci/v1/backend/credential/offers [201 Created, 534B, 299ms]
  √  EmployeeBadge offer created

└ 03 Resolve the EmployeeBadge offer
  GET https://acme.e2e.nk.sphereon.com/oid4vci/acme/oid4vci/credentials/offers/6986f9b6-5818-4aa8-a7bf-2d913378e954 [200 OK, 363B, 62ms]
  √  EmployeeBadge offer resolved

└ 04 Fetch the VCDM 1.1 OID4VCI metadata
  GET https://acme.e2e.nk.sphereon.com/.well-known/openid-credential-issuer/oid4vci/acme [200 OK, 6.51kB, 173ms]
  √  VCDM 1.1 metadata served
  √  the issuer advertises EmployeeBadge as jwt_vc_json

└ 05 Exchange the EmployeeBadge pre-authorized code
  POST https://acme.e2e.nk.sphereon.com/as/acme/token [200 OK, 1.42kB, 395ms]
  √  EmployeeBadge token issued
  √  the token returns an opaque EmployeeBadge credential identifier

└ 06 Request the EmployeeBadge credential
  POST https://acme.e2e.nk.sphereon.com/oid4vci/acme/oid4vci/nonce [200 OK, 215B, 23ms]
  POST https://acme.e2e.nk.sphereon.com/oid4vci/acme/oid4vci/credential [200 OK, 1.85kB, 1280ms]
  √  EmployeeBadge credential issued
  ┌
  │ `Using "atob" is deprecated. Use "require('atob')" ins
  │ tead.`
  └
  √  the credential is a VCDM 1.1 verifiable credential of type EmployeeBadgeCredential
  √  the credential status entry is a BitstringStatusListEntry on the bitstring list

└ 07 Check the EmployeeBadge offer status
  ┌
  │ `Using "CryptoJS" is deprecated. Use "require('crypto-
  │ js')" instead.`
  └
  GET https://acme.e2e.nk.sphereon.com/api/oid4vci/v1/backend/credential/offers/e2e-employeebadge-001 [200 OK, 561B, 89ms]
  √  EmployeeBadge session tracked

└ 08 Read the EmployeeBadge status entry
  GET https://acme.e2e.nk.sphereon.com/api/statuslist/v1/statuslists/f3e9ffc5-6daf-498c-8431-a2a953322da5/entries/106179 [200 OK, 349B, 122ms]
  √  EmployeeBadge status entry returned
  √  the freshly issued VCDM 1.1 credential is valid

□ 18 Issue W3C VCDM 2.0
└ 02 Create the Membership offer
  POST https://acme.e2e.nk.sphereon.com/api/oid4vci/v1/backend/credential/offers [201 Created, 528B, 381ms]
  √  Membership offer created

└ 03 Resolve the Membership offer
  GET https://acme.e2e.nk.sphereon.com/oid4vci/acme/oid4vci/credentials/offers/cfdb26f6-2123-4dcf-be7f-63c74535272b [200 OK, 360B, 67ms]
  √  Membership offer resolved

└ 04 Fetch the VCDM 2.0 OID4VCI metadata
  GET https://acme.e2e.nk.sphereon.com/.well-known/openid-credential-issuer/oid4vci/acme [200 OK, 6.51kB, 155ms]
  √  VCDM 2.0 metadata served
  √  the issuer advertises Membership as jwt_vc_json-ld

└ 05 Exchange the Membership pre-authorized code
  POST https://acme.e2e.nk.sphereon.com/as/acme/token [200 OK, 1.42kB, 385ms]
  √  Membership token issued
  √  the token returns an opaque Membership credential identifier

└ 06 Request the Membership credential
  POST https://acme.e2e.nk.sphereon.com/oid4vci/acme/oid4vci/nonce [200 OK, 215B, 51ms]
  POST https://acme.e2e.nk.sphereon.com/oid4vci/acme/oid4vci/credential [200 OK, 1.79kB, 1140ms]
  √  Membership credential issued
  ┌
  │ `Using "atob" is deprecated. Use "require('atob')" ins
  │ tead.`
  └
  √  the credential is a VCDM 2.0 verifiable credential of type MembershipCredential
  √  the credential status entry is a BitstringStatusListEntry on the bitstring list

└ 07 Check the Membership offer status
  ┌
  │ `Using "CryptoJS" is deprecated. Use "require('crypto-
  │ js')" instead.`
  └
  GET https://acme.e2e.nk.sphereon.com/api/oid4vci/v1/backend/credential/offers/e2e-membership-001 [200 OK, 555B, 85ms]
  √  Membership session tracked

└ 08 Read the Membership status entry
  GET https://acme.e2e.nk.sphereon.com/api/statuslist/v1/statuslists/f3e9ffc5-6daf-498c-8431-a2a953322da5/entries/56508 [200 OK, 348B, 97ms]
  √  Membership status entry returned
  √  the freshly issued VCDM 2.0 credential is valid

□ 19 Issue Through a Pipeline
└ 01 Initialize pipeline session
  POST https://acme.e2e.nk.sphereon.com/api/oid4vci/v1/backend/sessions [200 OK, 195B, 99ms]
  √  pipeline session opened

└ 02 Contribute attributes
  POST https://acme.e2e.nk.sphereon.com/api/oid4vci/v1/backend/sessions/e2e-pipeline-001/attributes [200 OK, 370B, 95ms]
  √  attributes contributed

└ 03 Read accumulated attributes
  GET https://acme.e2e.nk.sphereon.com/api/oid4vci/v1/backend/sessions/e2e-pipeline-001/attributes [200 OK, 224B, 81ms]
  √  attributes returned

└ 04 Evaluate completeness
  GET https://acme.e2e.nk.sphereon.com/api/oid4vci/v1/backend/sessions/e2e-pipeline-001/completeness [200 OK, 184B, 79ms]
  √  completeness evaluated

└ 05 Approve issuance
  POST https://acme.e2e.nk.sphereon.com/api/oid4vci/v1/backend/sessions/e2e-pipeline-001/approve [200 OK, 161B, 83ms]
  √  issuance approved

□ 20 Authorization Code Issuance
└ 01 Create offer with authorization code grant
  POST https://acme.e2e.nk.sphereon.com/api/oid4vci/v1/backend/credential/offers [201 Created, 524B, 211ms]
  √  auth-code offer created

└ 02 Fetch authorization server metadata
  GET https://acme.e2e.nk.sphereon.com/.well-known/oauth-authorization-server [200 OK, 2.61kB, 150ms]
  √  as metadata served

□ 21 DCQL Queries
└ 01 Create EuPid query
  POST https://acme.e2e.nk.sphereon.com/api/dcql/v1/queries [201 Created, 661B, 311ms]
  √  eupid query stored
  √  EuPid DCQL query content is versioned and enabled

└ 02 Create Mdl query
  POST https://acme.e2e.nk.sphereon.com/api/dcql/v1/queries [201 Created, 636B, 83ms]
  √  mdl query stored
  √  mDL DCQL query content is versioned and enabled

└ 03 Create combined query
  POST https://acme.e2e.nk.sphereon.com/api/dcql/v1/queries [201 Created, 901B, 82ms]
  √  combined query stored
  √  combined DCQL query contains EuPid and mDL credentials

└ 04 List queries
  GET https://acme.e2e.nk.sphereon.com/api/dcql/v1/queries [200 OK, 3.67kB, 75ms]
  √  queries listed
  √  query list includes exact enabled EuPid, mDL, and combined definitions

└ 05 List combined query versions
  GET https://acme.e2e.nk.sphereon.com/api/dcql/v1/queries/eupid-and-mdl/versions [200 OK, 225B, 74ms]
  √  query versions listed
  √  combined query version history starts at version 1

└ 06 Bind combined query to verifier
  POST https://acme.e2e.nk.sphereon.com/api/dcql/v1/verifiers/4e413af5-f316-4338-a762-46cb99deeb63/bindings [201 Created, 429B, 79ms]
  √  combined query bound or already provisioned
  √  combined query binding pins version 1 on the tenant verifier

└ 07 List verifier DCQL bindings
  GET https://acme.e2e.nk.sphereon.com/api/dcql/v1/verifiers/4e413af5-f316-4338-a762-46cb99deeb63/bindings [200 OK, 420B, 72ms]
  √  verifier bindings listed
  √  verifier binding list includes the combined query

└ 08 List combined query verifier bindings
  GET https://acme.e2e.nk.sphereon.com/api/dcql/v1/queries/eupid-and-mdl/verifiers [200 OK, 673B, 73ms]
  √  combined query verifier bindings listed
  √  combined query is bound to the tenant verifier

□ 22 Verification
└ 01 Create verification request
  POST https://acme.e2e.nk.sphereon.com/oid4vp/backend/auth/requests [201 Created, 764B, 1052ms]
  √  verification session created

└ 01a Fetch signed verification request object
  GET https://acme.e2e.nk.sphereon.com/oid4vp/acme/oid4vp/request-uri/e2e-verify-001 [200 OK, 1.84kB, 487ms]
  √  signed verification request object returned
  ┌
  │ `Using "atob" is deprecated. Use "require('atob')" ins
  │ tead.`
  └
  √  verifier request object issuer and kid use the same DID

└ 02 Poll verification status
  GET https://acme.e2e.nk.sphereon.com/oid4vp/backend/auth/requests/e2e-verify-001 [200 OK, 665B, 82ms]
  √  status returned

└ 03 Cancel verification session
  DELETE https://acme.e2e.nk.sphereon.com/oid4vp/backend/auth/requests/e2e-verify-001 [204 No Content, 89B, 81ms]
  √  session removed

□ 23 Trust Domains and Trust Lists
└ 01 List trust domains
  GET https://acme.e2e.nk.sphereon.com/api/trust-domain/v1/domains [200 OK, 425B, 119ms]
  √  trust domains listed
  √  the onboarding-seeded issuer trust domain exists
  √  seeded domain is active

└ 02 List anchors of the seeded domain
  GET https://acme.e2e.nk.sphereon.com/api/trust-domain/v1/domains/trust-domain-issuer-fdd9b8d6-a1c4-431c-a378-b172d25a5952/anchors [200 OK, 2.05kB, 100ms]
  √  anchors listed
  √  seeded anchors present
  √  issuer DID anchor seeded
  √  seeded anchors are tenant-produced material
  √  issuer X.509 anchor seeded

└ 03 List admissions of the issuer anchor
  GET https://acme.e2e.nk.sphereon.com/api/trust-domain/v1/domains/trust-domain-issuer-fdd9b8d6-a1c4-431c-a378-b172d25a5952/anchors/trust-anchor-issuer-fdd9b8d6-a1c4-431c-a378-b172d25a5952-issuer-did/admissions [200 OK, 254B, 103ms]
  √  admissions listed
  √  issuer anchor is admitted as CREDENTIAL_ISSUER

└ 04 Read the tenant issuer-trust attachment
  GET https://acme.e2e.nk.sphereon.com/api/trust-domain/v1/attachments/TENANT/fdd9b8d6-a1c4-431c-a378-b172d25a5952/CREDENTIAL_ISSUER_TRUST [200 OK, 706B, 100ms]
  √  tenant attachment returned
  √  tenant issuer trust is fail closed
  √  tenant attachment selects the seeded domain
  √  domain ordinals are contiguous from zero

└ 05 Read the verifier eligibility grant
  GET https://acme.e2e.nk.sphereon.com/api/trust-domain/v1/eligibility/OID4VP_VERIFIER/CREDENTIAL_ISSUER_TRUST [200 OK, 386B, 100ms]
  √  eligibility grant returned
  √  seeded domain is eligible for verifiers

└ 06 List consumers of the seeded domain
  GET https://acme.e2e.nk.sphereon.com/api/trust-domain/v1/domains/trust-domain-issuer-fdd9b8d6-a1c4-431c-a378-b172d25a5952/consumers [200 OK, 507B, 100ms]
  √  consumers listed
  √  the tenant consumes the seeded domain

└ 07 Create a second trust domain
  POST https://acme.e2e.nk.sphereon.com/api/trust-domain/v1/domains [201 Created, 451B, 101ms]
  √  domain created
  √  new domains start as DRAFT

└ 08 Activate the second trust domain
  PUT https://acme.e2e.nk.sphereon.com/api/trust-domain/v1/domains/cc12bd88-bc33-40d9-bddb-211c89a4ccde [200 OK, 335B, 99ms]
  √  domain activated
  √  status is ACTIVE

└ 11 Create a VICAL signer anchor
  POST https://acme.e2e.nk.sphereon.com/api/trust-domain/v1/domains/cc12bd88-bc33-40d9-bddb-211c89a4ccde/anchors [201 Created, 543B, 128ms]
  √  anchor created

└ 12 Refuse a VICAL whose signer anchor is not admitted
  PUT https://acme.e2e.nk.sphereon.com/api/trust-domain/v1/domains/cc12bd88-bc33-40d9-bddb-211c89a4ccde/anchors/25664724-c732-4d92-8423-5e9696f33199/mdoc-vical [400 Bad Request, 283B, 108ms]
  √  an unadmitted VICAL signer is refused
  √  the refusal names the missing admission

└ 13 Admit the anchor as MDOC_VICAL_SIGNER
  PUT https://acme.e2e.nk.sphereon.com/api/trust-domain/v1/domains/cc12bd88-bc33-40d9-bddb-211c89a4ccde/anchors/25664724-c732-4d92-8423-5e9696f33199/admissions/MDOC_VICAL_SIGNER [200 OK, 221B, 128ms]
  √  admission granted
  √  admission class echoed

└ 15 Configure the VICAL source
  PUT https://acme.e2e.nk.sphereon.com/api/trust-domain/v1/domains/cc12bd88-bc33-40d9-bddb-211c89a4ccde/anchors/25664724-c732-4d92-8423-5e9696f33199/mdoc-vical [200 OK, 425B, 109ms]
  √  VICAL configured
  √  the source round-trips

└ 17 Remove the VICAL configuration
  DELETE https://acme.e2e.nk.sphereon.com/api/trust-domain/v1/domains/cc12bd88-bc33-40d9-bddb-211c89a4ccde/anchors/25664724-c732-4d92-8423-5e9696f33199/mdoc-vical [200 OK, 224B, 101ms]
  √  VICAL removed
  √  the anchor reads as unconfigured again

└ 17a Register a published trust list as a trust source
  PUT https://acme.e2e.nk.sphereon.com/api/trust-domain/v1/domains/cc12bd88-bc33-40d9-bddb-211c89a4ccde/trust-sources/customer-trust-list [200 OK, 801B, 112ms]
  √  trust list source registered
  √  the source belongs to the domain and is a custom TS 119 612 list

└ 17b Read the trust list source
  GET https://acme.e2e.nk.sphereon.com/api/trust-domain/v1/domains/cc12bd88-bc33-40d9-bddb-211c89a4ccde/trust-sources/customer-trust-list [200 OK, 486B, 103ms]
  √  trust list source read
  √  the source reads back as registered

└ 17c Register a list of trusted entities (LoTE) source
  PUT https://acme.e2e.nk.sphereon.com/api/trust-domain/v1/domains/cc12bd88-bc33-40d9-bddb-211c89a4ccde/lote-sources/customer-lote [201 Created, 640B, 149ms]
  √  LoTE source registered
  √  the registration returns the first candidate revision of the source

└ 17d Read the LoTE source
  GET https://acme.e2e.nk.sphereon.com/api/trust-domain/v1/domains/cc12bd88-bc33-40d9-bddb-211c89a4ccde/lote-sources/customer-lote [200 OK, 407B, 150ms]
  √  LoTE source read
  √  the source carries the registered profile and an etag for the next mutation

□ 24 KMS Runtime API
└ 00 List platform secret offerings
  GET https://platform.e2e.nk.sphereon.com/api/platform/admin/v1/application/secrets/offerings [200 OK, 1.04kB, 18ms]
  √  platform secret offerings returned

└ 00 Get platform secret storage
  GET https://platform.e2e.nk.sphereon.com/api/platform/admin/v1/application/secrets/storage [200 OK, 305B, 13ms]
  √  platform secret storage returned

└ 00 Get tenant secret options
  GET https://platform.e2e.nk.sphereon.com/api/platform/config/v1/tenants/fdd9b8d6-a1c4-431c-a378-b172d25a5952/secrets/options [200 OK, 1.29kB, 152ms]
  √  tenant secret options returned

└ 00 Get tenant secret assignment
  GET https://platform.e2e.nk.sphereon.com/api/platform/config/v1/tenants/fdd9b8d6-a1c4-431c-a378-b172d25a5952/secrets/assignment [200 OK, 329B, 101ms]
  √  tenant secret assignment returned

└ 01 List runtime providers
  GET https://acme.e2e.nk.sphereon.com/api/kms/v1/providers [200 OK, 261B, 126ms]
  √  runtime providers listed

└ 01a Import externally supplied public key
  POST https://acme.e2e.nk.sphereon.com/api/kms/v1/keys/import [201 Created, 530B, 398ms]
  √  public key imported
  √  import response identifies the imported key

└ 02 List keys by providerId
  GET https://acme.e2e.nk.sphereon.com/api/kms/v1/providers/default/keys [200 OK, 2.4kB, 91ms]
  √  keys listed for the provider

└ 03 Generate key with providerId and alias
  POST https://acme.e2e.nk.sphereon.com/api/kms/v1/providers/default/keys [201 Created, 1.67kB, 592ms]
  √  key generated

└ 04 Get key by providerId and alias
  GET https://acme.e2e.nk.sphereon.com/api/kms/v1/providers/default/keys/customer-runtime-signing-key [200 OK, 1.46kB, 93ms]
  √  key read by alias

└ 05 Create raw signature with providerId and alias
  POST https://acme.e2e.nk.sphereon.com/api/kms/v1/signatures/raw/create [201 Created, 218B, 316ms]
  √  raw signature created

└ 06 Verify raw signature with providerId and alias
  POST https://acme.e2e.nk.sphereon.com/api/kms/v1/signatures/raw/verify [200 OK, 124B, 82ms]
  √  raw signature verified

└ 07 Delete generated key by providerId and alias
  DELETE https://acme.e2e.nk.sphereon.com/api/kms/v1/providers/default/keys/customer-runtime-signing-key [204 No Content, 96B, 344ms]
  √  generated key deleted

└ 08 List keys across every provider
  GET https://acme.e2e.nk.sphereon.com/api/kms/v1/keys [200 OK, 2.4kB, 119ms]
  √  tenant-wide key list returned

└ 09 Generate a key without naming a provider in the path
  POST https://acme.e2e.nk.sphereon.com/api/kms/v1/keys [201 Created, 1.65kB, 545ms]
  √  key generated through the tenant-wide route

└ 10 Read the key by alias
  GET https://acme.e2e.nk.sphereon.com/api/kms/v1/keys/customer-tenant-signing-key?providerId=default [200 OK, 1.45kB, 84ms]
  √  key read by alias

└ 11 Register the key certificate chain
  POST https://acme.e2e.nk.sphereon.com/api/kms/v1/certificates/register [201 Created, 1.09kB, 507ms]
  √  certificate reference registered

└ 12 List certificate references
  GET https://acme.e2e.nk.sphereon.com/api/kms/v1/certificate-references [200 OK, 666B, 65ms]
  √  certificate references listed

└ 13 Read one certificate reference
  GET https://acme.e2e.nk.sphereon.com/api/kms/v1/certificate-references/c37db020-c538-40cb-8604-55f99b58ba06 [200 OK, 649B, 76ms]
  √  certificate reference read

└ 14 Read the registered chain
  GET https://acme.e2e.nk.sphereon.com/api/kms/v1/certificate-chains/customer-tenant-signing-chain?providerId=default [200 OK, 598B, 424ms]
  √  registered chain read

└ 15 Delete the certificate reference
  DELETE https://acme.e2e.nk.sphereon.com/api/kms/v1/certificate-chains/customer-tenant-signing-chain?providerId=default [204 No Content, 96B, 85ms]
  √  certificate reference deleted

└ 16 Delete the tenant-wide key
  DELETE https://acme.e2e.nk.sphereon.com/api/kms/v1/keys/customer-tenant-signing-key?providerId=default [204 No Content, 96B, 340ms]
  √  tenant-wide key deleted

□ 25 Developer Console Settings
└ 01 Read current console policy
  GET https://acme.e2e.nk.sphereon.com/api/platform/config/v1/tenants/fdd9b8d6-a1c4-431c-a378-b172d25a5952/developer-console [200 OK, 259B, 117ms]
  √  developer console policy read

┌─────────────────────────┬────────────────────┬───────────────────┐
│                         │           executed │            failed │
├─────────────────────────┼────────────────────┼───────────────────┤
│              iterations │                  1 │                 0 │
├─────────────────────────┼────────────────────┼───────────────────┤
│                requests │                199 │                 0 │
├─────────────────────────┼────────────────────┼───────────────────┤
│            test-scripts │                194 │                 0 │
├─────────────────────────┼────────────────────┼───────────────────┤
│      prerequest-scripts │                382 │                 0 │
├─────────────────────────┼────────────────────┼───────────────────┤
│              assertions │                328 │                 0 │
├─────────────────────────┴────────────────────┴───────────────────┤
│ total run duration: 1m 41.9s                                     │
├──────────────────────────────────────────────────────────────────┤
│ total data received: 549.49kB (approx)                           │
├──────────────────────────────────────────────────────────────────┤
│ average response time: 422ms [min: 13ms, max: 23.2s, s.d.: 2.1s] │
└──────────────────────────────────────────────────────────────────┘
Snapshot drift detected in 1 file(s). Diff written to D:\git\VDX-infra\customer\edk\evidence\enterprise-20260918-r1-license-gate\.newman-sensitive-staging-9164a07b18fc489aa5403a37f6315612\snapshot-drift.patch
  drift: 01-operator-sign-in/03-submit-operator-credentials.json
E2E finished: 193 requests captured, exit code 2.
